 
****************************************
Report : area
Design : priority_fsm
Version: U-2022.12-SP7-3
Date   : Fri Feb 28 23:42:46 2025
****************************************

Library(s) Used:

    tcb018gbwp7ttc (File: /technology/TSMC_180nm_BCD/STD/tcb018gbwp7t_290a/TSMCHOME/digital/Front_End/timing_power_noise/NLDM/tcb018gbwp7t_270a/tcb018gbwp7ttc.db)

Number of ports:                           38
Number of nets:                           163
Number of cells:                          143
Number of combinational cells:            122
Number of sequential cells:                21
Number of macros/black boxes:               0
Number of buf/inv:                         13
Number of references:                      21

Combinational area:               1286.387180
Buf/Inv area:                       85.612799
Noncombinational area:             733.196789
Macro/Black Box area:                0.000000
Net Interconnect area:      undefined  (Wire load has zero net area)

Total cell area:                  2019.583969
Total area:                 undefined
1
