 
****************************************
Report : timing
        -path full
        -delay min
        -nworst 50
        -max_paths 50
Design : encoder
Version: U-2022.12-SP7-3
Date   : Tue Mar 11 19:29:36 2025
****************************************

Operating Conditions: NCCOM   Library: tcb018gbwp7ttc
Wire Load Model Mode: segmented

  Startpoint: enable_i (input port)
  Endpoint: valid_o (output port)
  Path Group: (none)
  Path Type: min

  Des/Clust/Port     Wire Load Model       Library
  ------------------------------------------------
  encoder            ZeroWireload          tcb018gbwp7ttc

  Point                                    Incr       Path
  -----------------------------------------------------------
  input external delay                     0.00       0.00 f
  enable_i (in)                            0.00       0.00 f
  U67/Z (OA21D0BWP7T)                      0.13       0.13 f
  valid_o (out)                            0.00       0.13 f
  data arrival time                                   0.13
  -----------------------------------------------------------
  (Path is unconstrained)


  Startpoint: enable_i (input port)
  Endpoint: valid_o (output port)
  Path Group: (none)
  Path Type: min

  Des/Clust/Port     Wire Load Model       Library
  ------------------------------------------------
  encoder            ZeroWireload          tcb018gbwp7ttc

  Point                                    Incr       Path
  -----------------------------------------------------------
  input external delay                     0.00       0.00 f
  enable_i (in)                            0.00       0.00 f
  U67/Z (OA21D0BWP7T)                      0.13       0.13 f
  valid_o (out)                            0.00       0.13 f
  data arrival time                                   0.13
  -----------------------------------------------------------
  (Path is unconstrained)


  Startpoint: enable_i (input port)
  Endpoint: valid_o (output port)
  Path Group: (none)
  Path Type: min

  Des/Clust/Port     Wire Load Model       Library
  ------------------------------------------------
  encoder            ZeroWireload          tcb018gbwp7ttc

  Point                                    Incr       Path
  -----------------------------------------------------------
  input external delay                     0.00       0.00 f
  enable_i (in)                            0.00       0.00 f
  U67/Z (OA21D0BWP7T)                      0.13       0.13 f
  valid_o (out)                            0.00       0.13 f
  data arrival time                                   0.13
  -----------------------------------------------------------
  (Path is unconstrained)


  Startpoint: ch_sel_i[15]
              (input port)
  Endpoint: valid_o (output port)
  Path Group: (none)
  Path Type: min

  Des/Clust/Port     Wire Load Model       Library
  ------------------------------------------------
  encoder            ZeroWireload          tcb018gbwp7ttc

  Point                                    Incr       Path
  -----------------------------------------------------------
  input external delay                     0.00       0.00 r
  ch_sel_i[15] (in)                        0.00       0.00 r
  U67/Z (OA21D0BWP7T)                      0.13       0.13 r
  valid_o (out)                            0.00       0.13 r
  data arrival time                                   0.13
  -----------------------------------------------------------
  (Path is unconstrained)


  Startpoint: enable_i (input port)
  Endpoint: valid_o (output port)
  Path Group: (none)
  Path Type: min

  Des/Clust/Port     Wire Load Model       Library
  ------------------------------------------------
  encoder            ZeroWireload          tcb018gbwp7ttc

  Point                                    Incr       Path
  -----------------------------------------------------------
  input external delay                     0.00       0.00 r
  enable_i (in)                            0.00       0.00 r
  U67/Z (OA21D0BWP7T)                      0.14       0.14 r
  valid_o (out)                            0.00       0.14 r
  data arrival time                                   0.14
  -----------------------------------------------------------
  (Path is unconstrained)


  Startpoint: enable_i (input port)
  Endpoint: valid_o (output port)
  Path Group: (none)
  Path Type: min

  Des/Clust/Port     Wire Load Model       Library
  ------------------------------------------------
  encoder            ZeroWireload          tcb018gbwp7ttc

  Point                                    Incr       Path
  -----------------------------------------------------------
  input external delay                     0.00       0.00 r
  enable_i (in)                            0.00       0.00 r
  U67/Z (OA21D0BWP7T)                      0.15       0.15 r
  valid_o (out)                            0.00       0.15 r
  data arrival time                                   0.15
  -----------------------------------------------------------
  (Path is unconstrained)


  Startpoint: enable_i (input port)
  Endpoint: valid_o (output port)
  Path Group: (none)
  Path Type: min

  Des/Clust/Port     Wire Load Model       Library
  ------------------------------------------------
  encoder            ZeroWireload          tcb018gbwp7ttc

  Point                                    Incr       Path
  -----------------------------------------------------------
  input external delay                     0.00       0.00 r
  enable_i (in)                            0.00       0.00 r
  U67/Z (OA21D0BWP7T)                      0.16       0.16 r
  valid_o (out)                            0.00       0.16 r
  data arrival time                                   0.16
  -----------------------------------------------------------
  (Path is unconstrained)


  Startpoint: ch_sel_i[15]
              (input port)
  Endpoint: valid_o (output port)
  Path Group: (none)
  Path Type: min

  Des/Clust/Port     Wire Load Model       Library
  ------------------------------------------------
  encoder            ZeroWireload          tcb018gbwp7ttc

  Point                                    Incr       Path
  -----------------------------------------------------------
  input external delay                     0.00       0.00 f
  ch_sel_i[15] (in)                        0.00       0.00 f
  U67/Z (OA21D0BWP7T)                      0.16       0.16 f
  valid_o (out)                            0.00       0.16 f
  data arrival time                                   0.16
  -----------------------------------------------------------
  (Path is unconstrained)


  Startpoint: ch_sel_i[0]
              (input port)
  Endpoint: hot_one_o[7]
            (output port)
  Path Group: (none)
  Path Type: min

  Des/Clust/Port     Wire Load Model       Library
  ------------------------------------------------
  encoder            ZeroWireload          tcb018gbwp7ttc

  Point                                    Incr       Path
  -----------------------------------------------------------
  input external delay                     0.00       0.00 r
  ch_sel_i[0] (in)                         0.00       0.00 r
  U98/ZN (OAI22D0BWP7T)                    0.04       0.04 f
  U99/ZN (CKND2D0BWP7T)                    0.12       0.16 r
  U100/ZN (NR2XD0BWP7T)                    0.05       0.21 f
  hot_one_o[7] (out)                       0.00       0.21 f
  data arrival time                                   0.21
  -----------------------------------------------------------
  (Path is unconstrained)


  Startpoint: ch_sel_i[0]
              (input port)
  Endpoint: hot_one_o[5]
            (output port)
  Path Group: (none)
  Path Type: min

  Des/Clust/Port     Wire Load Model       Library
  ------------------------------------------------
  encoder            ZeroWireload          tcb018gbwp7ttc

  Point                                    Incr       Path
  -----------------------------------------------------------
  input external delay                     0.00       0.00 r
  ch_sel_i[0] (in)                         0.00       0.00 r
  U98/ZN (OAI22D0BWP7T)                    0.04       0.04 f
  U99/ZN (CKND2D0BWP7T)                    0.12       0.16 r
  U104/ZN (NR2XD0BWP7T)                    0.05       0.21 f
  hot_one_o[5] (out)                       0.00       0.21 f
  data arrival time                                   0.21
  -----------------------------------------------------------
  (Path is unconstrained)


  Startpoint: ch_sel_i[0]
              (input port)
  Endpoint: hot_one_o[3]
            (output port)
  Path Group: (none)
  Path Type: min

  Des/Clust/Port     Wire Load Model       Library
  ------------------------------------------------
  encoder            ZeroWireload          tcb018gbwp7ttc

  Point                                    Incr       Path
  -----------------------------------------------------------
  input external delay                     0.00       0.00 r
  ch_sel_i[0] (in)                         0.00       0.00 r
  U98/ZN (OAI22D0BWP7T)                    0.04       0.04 f
  U99/ZN (CKND2D0BWP7T)                    0.12       0.16 r
  U106/ZN (NR2XD0BWP7T)                    0.05       0.21 f
  hot_one_o[3] (out)                       0.00       0.21 f
  data arrival time                                   0.21
  -----------------------------------------------------------
  (Path is unconstrained)


  Startpoint: ch_sel_i[0]
              (input port)
  Endpoint: hot_one_o[1]
            (output port)
  Path Group: (none)
  Path Type: min

  Des/Clust/Port     Wire Load Model       Library
  ------------------------------------------------
  encoder            ZeroWireload          tcb018gbwp7ttc

  Point                                    Incr       Path
  -----------------------------------------------------------
  input external delay                     0.00       0.00 r
  ch_sel_i[0] (in)                         0.00       0.00 r
  U98/ZN (OAI22D0BWP7T)                    0.04       0.04 f
  U99/ZN (CKND2D0BWP7T)                    0.12       0.16 r
  U108/ZN (NR2XD0BWP7T)                    0.05       0.21 f
  hot_one_o[1] (out)                       0.00       0.21 f
  data arrival time                                   0.21
  -----------------------------------------------------------
  (Path is unconstrained)


  Startpoint: ch_sel_i[3]
              (input port)
  Endpoint: hot_one_o[1]
            (output port)
  Path Group: (none)
  Path Type: min

  Des/Clust/Port     Wire Load Model       Library
  ------------------------------------------------
  encoder            ZeroWireload          tcb018gbwp7ttc

  Point                                    Incr       Path
  -----------------------------------------------------------
  input external delay                     0.00       0.00 r
  ch_sel_i[3] (in)                         0.00       0.00 r
  U87/ZN (AOI21D0BWP7T)                    0.05       0.05 f
  U91/ZN (IND2D0BWP7T)                     0.13       0.18 r
  U108/ZN (NR2XD0BWP7T)                    0.04       0.22 f
  hot_one_o[1] (out)                       0.00       0.22 f
  data arrival time                                   0.22
  -----------------------------------------------------------
  (Path is unconstrained)


  Startpoint: ch_sel_i[3]
              (input port)
  Endpoint: hot_one_o[0]
            (output port)
  Path Group: (none)
  Path Type: min

  Des/Clust/Port     Wire Load Model       Library
  ------------------------------------------------
  encoder            ZeroWireload          tcb018gbwp7ttc

  Point                                    Incr       Path
  -----------------------------------------------------------
  input external delay                     0.00       0.00 r
  ch_sel_i[3] (in)                         0.00       0.00 r
  U87/ZN (AOI21D0BWP7T)                    0.05       0.05 f
  U91/ZN (IND2D0BWP7T)                     0.13       0.18 r
  U109/ZN (NR2XD0BWP7T)                    0.04       0.22 f
  hot_one_o[0] (out)                       0.00       0.22 f
  data arrival time                                   0.22
  -----------------------------------------------------------
  (Path is unconstrained)


  Startpoint: ch_sel_i[0]
              (input port)
  Endpoint: hot_one_o[7]
            (output port)
  Path Group: (none)
  Path Type: min

  Des/Clust/Port     Wire Load Model       Library
  ------------------------------------------------
  encoder            ZeroWireload          tcb018gbwp7ttc

  Point                                    Incr       Path
  -----------------------------------------------------------
  input external delay                     0.00       0.00 r
  ch_sel_i[0] (in)                         0.00       0.00 r
  U98/ZN (OAI22D0BWP7T)                    0.05       0.05 f
  U99/ZN (CKND2D0BWP7T)                    0.12       0.17 r
  U100/ZN (NR2XD0BWP7T)                    0.05       0.22 f
  hot_one_o[7] (out)                       0.00       0.22 f
  data arrival time                                   0.22
  -----------------------------------------------------------
  (Path is unconstrained)


  Startpoint: ch_sel_i[0]
              (input port)
  Endpoint: hot_one_o[5]
            (output port)
  Path Group: (none)
  Path Type: min

  Des/Clust/Port     Wire Load Model       Library
  ------------------------------------------------
  encoder            ZeroWireload          tcb018gbwp7ttc

  Point                                    Incr       Path
  -----------------------------------------------------------
  input external delay                     0.00       0.00 r
  ch_sel_i[0] (in)                         0.00       0.00 r
  U98/ZN (OAI22D0BWP7T)                    0.05       0.05 f
  U99/ZN (CKND2D0BWP7T)                    0.12       0.17 r
  U104/ZN (NR2XD0BWP7T)                    0.05       0.22 f
  hot_one_o[5] (out)                       0.00       0.22 f
  data arrival time                                   0.22
  -----------------------------------------------------------
  (Path is unconstrained)


  Startpoint: ch_sel_i[0]
              (input port)
  Endpoint: hot_one_o[3]
            (output port)
  Path Group: (none)
  Path Type: min

  Des/Clust/Port     Wire Load Model       Library
  ------------------------------------------------
  encoder            ZeroWireload          tcb018gbwp7ttc

  Point                                    Incr       Path
  -----------------------------------------------------------
  input external delay                     0.00       0.00 r
  ch_sel_i[0] (in)                         0.00       0.00 r
  U98/ZN (OAI22D0BWP7T)                    0.05       0.05 f
  U99/ZN (CKND2D0BWP7T)                    0.12       0.17 r
  U106/ZN (NR2XD0BWP7T)                    0.05       0.22 f
  hot_one_o[3] (out)                       0.00       0.22 f
  data arrival time                                   0.22
  -----------------------------------------------------------
  (Path is unconstrained)


  Startpoint: ch_sel_i[0]
              (input port)
  Endpoint: hot_one_o[1]
            (output port)
  Path Group: (none)
  Path Type: min

  Des/Clust/Port     Wire Load Model       Library
  ------------------------------------------------
  encoder            ZeroWireload          tcb018gbwp7ttc

  Point                                    Incr       Path
  -----------------------------------------------------------
  input external delay                     0.00       0.00 r
  ch_sel_i[0] (in)                         0.00       0.00 r
  U98/ZN (OAI22D0BWP7T)                    0.05       0.05 f
  U99/ZN (CKND2D0BWP7T)                    0.12       0.17 r
  U108/ZN (NR2XD0BWP7T)                    0.05       0.22 f
  hot_one_o[1] (out)                       0.00       0.22 f
  data arrival time                                   0.22
  -----------------------------------------------------------
  (Path is unconstrained)


  Startpoint: ch_sel_i[8]
              (input port)
  Endpoint: hot_one_o[13]
            (output port)
  Path Group: (none)
  Path Type: min

  Des/Clust/Port     Wire Load Model       Library
  ------------------------------------------------
  encoder            ZeroWireload          tcb018gbwp7ttc

  Point                                    Incr       Path
  -----------------------------------------------------------
  input external delay                     0.00       0.00 r
  ch_sel_i[8] (in)                         0.00       0.00 r
  U80/ZN (AOI31D0BWP7T)                    0.04       0.04 f
  U83/ZN (ND3D0BWP7T)                      0.14       0.18 r
  U85/ZN (NR2XD0BWP7T)                     0.04       0.22 f
  hot_one_o[13] (out)                      0.00       0.22 f
  data arrival time                                   0.22
  -----------------------------------------------------------
  (Path is unconstrained)


  Startpoint: ch_sel_i[8]
              (input port)
  Endpoint: hot_one_o[11]
            (output port)
  Path Group: (none)
  Path Type: min

  Des/Clust/Port     Wire Load Model       Library
  ------------------------------------------------
  encoder            ZeroWireload          tcb018gbwp7ttc

  Point                                    Incr       Path
  -----------------------------------------------------------
  input external delay                     0.00       0.00 r
  ch_sel_i[8] (in)                         0.00       0.00 r
  U80/ZN (AOI31D0BWP7T)                    0.04       0.04 f
  U83/ZN (ND3D0BWP7T)                      0.14       0.18 r
  U89/ZN (NR2XD0BWP7T)                     0.04       0.22 f
  hot_one_o[11] (out)                      0.00       0.22 f
  data arrival time                                   0.22
  -----------------------------------------------------------
  (Path is unconstrained)


  Startpoint: ch_sel_i[8]
              (input port)
  Endpoint: hot_one_o[9]
            (output port)
  Path Group: (none)
  Path Type: min

  Des/Clust/Port     Wire Load Model       Library
  ------------------------------------------------
  encoder            ZeroWireload          tcb018gbwp7ttc

  Point                                    Incr       Path
  -----------------------------------------------------------
  input external delay                     0.00       0.00 r
  ch_sel_i[8] (in)                         0.00       0.00 r
  U80/ZN (AOI31D0BWP7T)                    0.04       0.04 f
  U83/ZN (ND3D0BWP7T)                      0.14       0.18 r
  U92/ZN (NR2XD0BWP7T)                     0.04       0.22 f
  hot_one_o[9] (out)                       0.00       0.22 f
  data arrival time                                   0.22
  -----------------------------------------------------------
  (Path is unconstrained)


  Startpoint: ch_sel_i[8]
              (input port)
  Endpoint: hot_one_o[13]
            (output port)
  Path Group: (none)
  Path Type: min

  Des/Clust/Port     Wire Load Model       Library
  ------------------------------------------------
  encoder            ZeroWireload          tcb018gbwp7ttc

  Point                                    Incr       Path
  -----------------------------------------------------------
  input external delay                     0.00       0.00 r
  ch_sel_i[8] (in)                         0.00       0.00 r
  U80/ZN (AOI31D0BWP7T)                    0.04       0.04 f
  U83/ZN (ND3D0BWP7T)                      0.14       0.18 r
  U85/ZN (NR2XD0BWP7T)                     0.04       0.22 f
  hot_one_o[13] (out)                      0.00       0.22 f
  data arrival time                                   0.22
  -----------------------------------------------------------
  (Path is unconstrained)


  Startpoint: ch_sel_i[8]
              (input port)
  Endpoint: hot_one_o[11]
            (output port)
  Path Group: (none)
  Path Type: min

  Des/Clust/Port     Wire Load Model       Library
  ------------------------------------------------
  encoder            ZeroWireload          tcb018gbwp7ttc

  Point                                    Incr       Path
  -----------------------------------------------------------
  input external delay                     0.00       0.00 r
  ch_sel_i[8] (in)                         0.00       0.00 r
  U80/ZN (AOI31D0BWP7T)                    0.04       0.04 f
  U83/ZN (ND3D0BWP7T)                      0.14       0.18 r
  U89/ZN (NR2XD0BWP7T)                     0.04       0.22 f
  hot_one_o[11] (out)                      0.00       0.22 f
  data arrival time                                   0.22
  -----------------------------------------------------------
  (Path is unconstrained)


  Startpoint: ch_sel_i[8]
              (input port)
  Endpoint: hot_one_o[9]
            (output port)
  Path Group: (none)
  Path Type: min

  Des/Clust/Port     Wire Load Model       Library
  ------------------------------------------------
  encoder            ZeroWireload          tcb018gbwp7ttc

  Point                                    Incr       Path
  -----------------------------------------------------------
  input external delay                     0.00       0.00 r
  ch_sel_i[8] (in)                         0.00       0.00 r
  U80/ZN (AOI31D0BWP7T)                    0.04       0.04 f
  U83/ZN (ND3D0BWP7T)                      0.14       0.18 r
  U92/ZN (NR2XD0BWP7T)                     0.04       0.22 f
  hot_one_o[9] (out)                       0.00       0.22 f
  data arrival time                                   0.22
  -----------------------------------------------------------
  (Path is unconstrained)


  Startpoint: ch_sel_i[8]
              (input port)
  Endpoint: hot_one_o[13]
            (output port)
  Path Group: (none)
  Path Type: min

  Des/Clust/Port     Wire Load Model       Library
  ------------------------------------------------
  encoder            ZeroWireload          tcb018gbwp7ttc

  Point                                    Incr       Path
  -----------------------------------------------------------
  input external delay                     0.00       0.00 r
  ch_sel_i[8] (in)                         0.00       0.00 r
  U80/ZN (AOI31D0BWP7T)                    0.04       0.04 f
  U83/ZN (ND3D0BWP7T)                      0.14       0.18 r
  U85/ZN (NR2XD0BWP7T)                     0.04       0.22 f
  hot_one_o[13] (out)                      0.00       0.22 f
  data arrival time                                   0.22
  -----------------------------------------------------------
  (Path is unconstrained)


  Startpoint: ch_sel_i[8]
              (input port)
  Endpoint: hot_one_o[11]
            (output port)
  Path Group: (none)
  Path Type: min

  Des/Clust/Port     Wire Load Model       Library
  ------------------------------------------------
  encoder            ZeroWireload          tcb018gbwp7ttc

  Point                                    Incr       Path
  -----------------------------------------------------------
  input external delay                     0.00       0.00 r
  ch_sel_i[8] (in)                         0.00       0.00 r
  U80/ZN (AOI31D0BWP7T)                    0.04       0.04 f
  U83/ZN (ND3D0BWP7T)                      0.14       0.18 r
  U89/ZN (NR2XD0BWP7T)                     0.04       0.22 f
  hot_one_o[11] (out)                      0.00       0.22 f
  data arrival time                                   0.22
  -----------------------------------------------------------
  (Path is unconstrained)


  Startpoint: ch_sel_i[8]
              (input port)
  Endpoint: hot_one_o[9]
            (output port)
  Path Group: (none)
  Path Type: min

  Des/Clust/Port     Wire Load Model       Library
  ------------------------------------------------
  encoder            ZeroWireload          tcb018gbwp7ttc

  Point                                    Incr       Path
  -----------------------------------------------------------
  input external delay                     0.00       0.00 r
  ch_sel_i[8] (in)                         0.00       0.00 r
  U80/ZN (AOI31D0BWP7T)                    0.04       0.04 f
  U83/ZN (ND3D0BWP7T)                      0.14       0.18 r
  U92/ZN (NR2XD0BWP7T)                     0.04       0.22 f
  hot_one_o[9] (out)                       0.00       0.22 f
  data arrival time                                   0.22
  -----------------------------------------------------------
  (Path is unconstrained)


  Startpoint: ch_sel_i[8]
              (input port)
  Endpoint: hot_one_o[13]
            (output port)
  Path Group: (none)
  Path Type: min

  Des/Clust/Port     Wire Load Model       Library
  ------------------------------------------------
  encoder            ZeroWireload          tcb018gbwp7ttc

  Point                                    Incr       Path
  -----------------------------------------------------------
  input external delay                     0.00       0.00 r
  ch_sel_i[8] (in)                         0.00       0.00 r
  U80/ZN (AOI31D0BWP7T)                    0.05       0.05 f
  U83/ZN (ND3D0BWP7T)                      0.14       0.19 r
  U85/ZN (NR2XD0BWP7T)                     0.04       0.23 f
  hot_one_o[13] (out)                      0.00       0.23 f
  data arrival time                                   0.23
  -----------------------------------------------------------
  (Path is unconstrained)


  Startpoint: ch_sel_i[8]
              (input port)
  Endpoint: hot_one_o[11]
            (output port)
  Path Group: (none)
  Path Type: min

  Des/Clust/Port     Wire Load Model       Library
  ------------------------------------------------
  encoder            ZeroWireload          tcb018gbwp7ttc

  Point                                    Incr       Path
  -----------------------------------------------------------
  input external delay                     0.00       0.00 r
  ch_sel_i[8] (in)                         0.00       0.00 r
  U80/ZN (AOI31D0BWP7T)                    0.05       0.05 f
  U83/ZN (ND3D0BWP7T)                      0.14       0.19 r
  U89/ZN (NR2XD0BWP7T)                     0.04       0.23 f
  hot_one_o[11] (out)                      0.00       0.23 f
  data arrival time                                   0.23
  -----------------------------------------------------------
  (Path is unconstrained)


  Startpoint: ch_sel_i[8]
              (input port)
  Endpoint: hot_one_o[9]
            (output port)
  Path Group: (none)
  Path Type: min

  Des/Clust/Port     Wire Load Model       Library
  ------------------------------------------------
  encoder            ZeroWireload          tcb018gbwp7ttc

  Point                                    Incr       Path
  -----------------------------------------------------------
  input external delay                     0.00       0.00 r
  ch_sel_i[8] (in)                         0.00       0.00 r
  U80/ZN (AOI31D0BWP7T)                    0.05       0.05 f
  U83/ZN (ND3D0BWP7T)                      0.14       0.19 r
  U92/ZN (NR2XD0BWP7T)                     0.04       0.23 f
  hot_one_o[9] (out)                       0.00       0.23 f
  data arrival time                                   0.23
  -----------------------------------------------------------
  (Path is unconstrained)


  Startpoint: ch_sel_i[8]
              (input port)
  Endpoint: hot_one_o[13]
            (output port)
  Path Group: (none)
  Path Type: min

  Des/Clust/Port     Wire Load Model       Library
  ------------------------------------------------
  encoder            ZeroWireload          tcb018gbwp7ttc

  Point                                    Incr       Path
  -----------------------------------------------------------
  input external delay                     0.00       0.00 r
  ch_sel_i[8] (in)                         0.00       0.00 r
  U80/ZN (AOI31D0BWP7T)                    0.05       0.05 f
  U83/ZN (ND3D0BWP7T)                      0.14       0.19 r
  U85/ZN (NR2XD0BWP7T)                     0.04       0.23 f
  hot_one_o[13] (out)                      0.00       0.23 f
  data arrival time                                   0.23
  -----------------------------------------------------------
  (Path is unconstrained)


  Startpoint: ch_sel_i[8]
              (input port)
  Endpoint: hot_one_o[11]
            (output port)
  Path Group: (none)
  Path Type: min

  Des/Clust/Port     Wire Load Model       Library
  ------------------------------------------------
  encoder            ZeroWireload          tcb018gbwp7ttc

  Point                                    Incr       Path
  -----------------------------------------------------------
  input external delay                     0.00       0.00 r
  ch_sel_i[8] (in)                         0.00       0.00 r
  U80/ZN (AOI31D0BWP7T)                    0.05       0.05 f
  U83/ZN (ND3D0BWP7T)                      0.14       0.19 r
  U89/ZN (NR2XD0BWP7T)                     0.04       0.23 f
  hot_one_o[11] (out)                      0.00       0.23 f
  data arrival time                                   0.23
  -----------------------------------------------------------
  (Path is unconstrained)


  Startpoint: ch_sel_i[8]
              (input port)
  Endpoint: hot_one_o[9]
            (output port)
  Path Group: (none)
  Path Type: min

  Des/Clust/Port     Wire Load Model       Library
  ------------------------------------------------
  encoder            ZeroWireload          tcb018gbwp7ttc

  Point                                    Incr       Path
  -----------------------------------------------------------
  input external delay                     0.00       0.00 r
  ch_sel_i[8] (in)                         0.00       0.00 r
  U80/ZN (AOI31D0BWP7T)                    0.05       0.05 f
  U83/ZN (ND3D0BWP7T)                      0.14       0.19 r
  U92/ZN (NR2XD0BWP7T)                     0.04       0.23 f
  hot_one_o[9] (out)                       0.00       0.23 f
  data arrival time                                   0.23
  -----------------------------------------------------------
  (Path is unconstrained)


  Startpoint: ch_sel_i[0]
              (input port)
  Endpoint: hot_one_o[7]
            (output port)
  Path Group: (none)
  Path Type: min

  Des/Clust/Port     Wire Load Model       Library
  ------------------------------------------------
  encoder            ZeroWireload          tcb018gbwp7ttc

  Point                                    Incr       Path
  -----------------------------------------------------------
  input external delay                     0.00       0.00 r
  ch_sel_i[0] (in)                         0.00       0.00 r
  U98/ZN (OAI22D0BWP7T)                    0.05       0.05 f
  U99/ZN (CKND2D0BWP7T)                    0.12       0.18 r
  U100/ZN (NR2XD0BWP7T)                    0.05       0.23 f
  hot_one_o[7] (out)                       0.00       0.23 f
  data arrival time                                   0.23
  -----------------------------------------------------------
  (Path is unconstrained)


  Startpoint: ch_sel_i[0]
              (input port)
  Endpoint: hot_one_o[5]
            (output port)
  Path Group: (none)
  Path Type: min

  Des/Clust/Port     Wire Load Model       Library
  ------------------------------------------------
  encoder            ZeroWireload          tcb018gbwp7ttc

  Point                                    Incr       Path
  -----------------------------------------------------------
  input external delay                     0.00       0.00 r
  ch_sel_i[0] (in)                         0.00       0.00 r
  U98/ZN (OAI22D0BWP7T)                    0.05       0.05 f
  U99/ZN (CKND2D0BWP7T)                    0.12       0.18 r
  U104/ZN (NR2XD0BWP7T)                    0.05       0.23 f
  hot_one_o[5] (out)                       0.00       0.23 f
  data arrival time                                   0.23
  -----------------------------------------------------------
  (Path is unconstrained)


  Startpoint: ch_sel_i[0]
              (input port)
  Endpoint: hot_one_o[3]
            (output port)
  Path Group: (none)
  Path Type: min

  Des/Clust/Port     Wire Load Model       Library
  ------------------------------------------------
  encoder            ZeroWireload          tcb018gbwp7ttc

  Point                                    Incr       Path
  -----------------------------------------------------------
  input external delay                     0.00       0.00 r
  ch_sel_i[0] (in)                         0.00       0.00 r
  U98/ZN (OAI22D0BWP7T)                    0.05       0.05 f
  U99/ZN (CKND2D0BWP7T)                    0.12       0.18 r
  U106/ZN (NR2XD0BWP7T)                    0.05       0.23 f
  hot_one_o[3] (out)                       0.00       0.23 f
  data arrival time                                   0.23
  -----------------------------------------------------------
  (Path is unconstrained)


  Startpoint: ch_sel_i[0]
              (input port)
  Endpoint: hot_one_o[1]
            (output port)
  Path Group: (none)
  Path Type: min

  Des/Clust/Port     Wire Load Model       Library
  ------------------------------------------------
  encoder            ZeroWireload          tcb018gbwp7ttc

  Point                                    Incr       Path
  -----------------------------------------------------------
  input external delay                     0.00       0.00 r
  ch_sel_i[0] (in)                         0.00       0.00 r
  U98/ZN (OAI22D0BWP7T)                    0.05       0.05 f
  U99/ZN (CKND2D0BWP7T)                    0.12       0.18 r
  U108/ZN (NR2XD0BWP7T)                    0.05       0.23 f
  hot_one_o[1] (out)                       0.00       0.23 f
  data arrival time                                   0.23
  -----------------------------------------------------------
  (Path is unconstrained)


  Startpoint: ch_sel_i[8]
              (input port)
  Endpoint: hot_one_o[13]
            (output port)
  Path Group: (none)
  Path Type: min

  Des/Clust/Port     Wire Load Model       Library
  ------------------------------------------------
  encoder            ZeroWireload          tcb018gbwp7ttc

  Point                                    Incr       Path
  -----------------------------------------------------------
  input external delay                     0.00       0.00 r
  ch_sel_i[8] (in)                         0.00       0.00 r
  U80/ZN (AOI31D0BWP7T)                    0.05       0.05 f
  U83/ZN (ND3D0BWP7T)                      0.14       0.19 r
  U85/ZN (NR2XD0BWP7T)                     0.04       0.23 f
  hot_one_o[13] (out)                      0.00       0.23 f
  data arrival time                                   0.23
  -----------------------------------------------------------
  (Path is unconstrained)


  Startpoint: ch_sel_i[8]
              (input port)
  Endpoint: hot_one_o[11]
            (output port)
  Path Group: (none)
  Path Type: min

  Des/Clust/Port     Wire Load Model       Library
  ------------------------------------------------
  encoder            ZeroWireload          tcb018gbwp7ttc

  Point                                    Incr       Path
  -----------------------------------------------------------
  input external delay                     0.00       0.00 r
  ch_sel_i[8] (in)                         0.00       0.00 r
  U80/ZN (AOI31D0BWP7T)                    0.05       0.05 f
  U83/ZN (ND3D0BWP7T)                      0.14       0.19 r
  U89/ZN (NR2XD0BWP7T)                     0.04       0.23 f
  hot_one_o[11] (out)                      0.00       0.23 f
  data arrival time                                   0.23
  -----------------------------------------------------------
  (Path is unconstrained)


  Startpoint: ch_sel_i[8]
              (input port)
  Endpoint: hot_one_o[9]
            (output port)
  Path Group: (none)
  Path Type: min

  Des/Clust/Port     Wire Load Model       Library
  ------------------------------------------------
  encoder            ZeroWireload          tcb018gbwp7ttc

  Point                                    Incr       Path
  -----------------------------------------------------------
  input external delay                     0.00       0.00 r
  ch_sel_i[8] (in)                         0.00       0.00 r
  U80/ZN (AOI31D0BWP7T)                    0.05       0.05 f
  U83/ZN (ND3D0BWP7T)                      0.14       0.19 r
  U92/ZN (NR2XD0BWP7T)                     0.04       0.23 f
  hot_one_o[9] (out)                       0.00       0.23 f
  data arrival time                                   0.23
  -----------------------------------------------------------
  (Path is unconstrained)


  Startpoint: ch_sel_i[3]
              (input port)
  Endpoint: hot_one_o[9]
            (output port)
  Path Group: (none)
  Path Type: min

  Des/Clust/Port     Wire Load Model       Library
  ------------------------------------------------
  encoder            ZeroWireload          tcb018gbwp7ttc

  Point                                    Incr       Path
  -----------------------------------------------------------
  input external delay                     0.00       0.00 r
  ch_sel_i[3] (in)                         0.00       0.00 r
  U87/ZN (AOI21D0BWP7T)                    0.05       0.05 f
  U91/ZN (IND2D0BWP7T)                     0.13       0.18 r
  U92/ZN (NR2XD0BWP7T)                     0.05       0.23 f
  hot_one_o[9] (out)                       0.00       0.23 f
  data arrival time                                   0.23
  -----------------------------------------------------------
  (Path is unconstrained)


  Startpoint: ch_sel_i[3]
              (input port)
  Endpoint: hot_one_o[8]
            (output port)
  Path Group: (none)
  Path Type: min

  Des/Clust/Port     Wire Load Model       Library
  ------------------------------------------------
  encoder            ZeroWireload          tcb018gbwp7ttc

  Point                                    Incr       Path
  -----------------------------------------------------------
  input external delay                     0.00       0.00 r
  ch_sel_i[3] (in)                         0.00       0.00 r
  U87/ZN (AOI21D0BWP7T)                    0.05       0.05 f
  U91/ZN (IND2D0BWP7T)                     0.13       0.18 r
  U93/ZN (NR2XD0BWP7T)                     0.05       0.23 f
  hot_one_o[8] (out)                       0.00       0.23 f
  data arrival time                                   0.23
  -----------------------------------------------------------
  (Path is unconstrained)


  Startpoint: ch_sel_i[8]
              (input port)
  Endpoint: hot_one_o[15]
            (output port)
  Path Group: (none)
  Path Type: min

  Des/Clust/Port     Wire Load Model       Library
  ------------------------------------------------
  encoder            ZeroWireload          tcb018gbwp7ttc

  Point                                    Incr       Path
  -----------------------------------------------------------
  input external delay                     0.00       0.00 r
  ch_sel_i[8] (in)                         0.00       0.00 r
  U80/ZN (AOI31D0BWP7T)                    0.04       0.04 f
  U83/ZN (ND3D0BWP7T)                      0.14       0.18 r
  U101/ZN (NR2XD0BWP7T)                    0.05       0.24 f
  hot_one_o[15] (out)                      0.00       0.24 f
  data arrival time                                   0.24
  -----------------------------------------------------------
  (Path is unconstrained)


  Startpoint: ch_sel_i[8]
              (input port)
  Endpoint: hot_one_o[15]
            (output port)
  Path Group: (none)
  Path Type: min

  Des/Clust/Port     Wire Load Model       Library
  ------------------------------------------------
  encoder            ZeroWireload          tcb018gbwp7ttc

  Point                                    Incr       Path
  -----------------------------------------------------------
  input external delay                     0.00       0.00 r
  ch_sel_i[8] (in)                         0.00       0.00 r
  U80/ZN (AOI31D0BWP7T)                    0.04       0.04 f
  U83/ZN (ND3D0BWP7T)                      0.14       0.18 r
  U101/ZN (NR2XD0BWP7T)                    0.05       0.24 f
  hot_one_o[15] (out)                      0.00       0.24 f
  data arrival time                                   0.24
  -----------------------------------------------------------
  (Path is unconstrained)


  Startpoint: ch_sel_i[8]
              (input port)
  Endpoint: hot_one_o[15]
            (output port)
  Path Group: (none)
  Path Type: min

  Des/Clust/Port     Wire Load Model       Library
  ------------------------------------------------
  encoder            ZeroWireload          tcb018gbwp7ttc

  Point                                    Incr       Path
  -----------------------------------------------------------
  input external delay                     0.00       0.00 r
  ch_sel_i[8] (in)                         0.00       0.00 r
  U80/ZN (AOI31D0BWP7T)                    0.04       0.04 f
  U83/ZN (ND3D0BWP7T)                      0.14       0.18 r
  U101/ZN (NR2XD0BWP7T)                    0.05       0.24 f
  hot_one_o[15] (out)                      0.00       0.24 f
  data arrival time                                   0.24
  -----------------------------------------------------------
  (Path is unconstrained)


  Startpoint: ch_sel_i[8]
              (input port)
  Endpoint: hot_one_o[15]
            (output port)
  Path Group: (none)
  Path Type: min

  Des/Clust/Port     Wire Load Model       Library
  ------------------------------------------------
  encoder            ZeroWireload          tcb018gbwp7ttc

  Point                                    Incr       Path
  -----------------------------------------------------------
  input external delay                     0.00       0.00 r
  ch_sel_i[8] (in)                         0.00       0.00 r
  U80/ZN (AOI31D0BWP7T)                    0.05       0.05 f
  U83/ZN (ND3D0BWP7T)                      0.14       0.19 r
  U101/ZN (NR2XD0BWP7T)                    0.05       0.24 f
  hot_one_o[15] (out)                      0.00       0.24 f
  data arrival time                                   0.24
  -----------------------------------------------------------
  (Path is unconstrained)


  Startpoint: ch_sel_i[8]
              (input port)
  Endpoint: hot_one_o[15]
            (output port)
  Path Group: (none)
  Path Type: min

  Des/Clust/Port     Wire Load Model       Library
  ------------------------------------------------
  encoder            ZeroWireload          tcb018gbwp7ttc

  Point                                    Incr       Path
  -----------------------------------------------------------
  input external delay                     0.00       0.00 r
  ch_sel_i[8] (in)                         0.00       0.00 r
  U80/ZN (AOI31D0BWP7T)                    0.05       0.05 f
  U83/ZN (ND3D0BWP7T)                      0.14       0.19 r
  U101/ZN (NR2XD0BWP7T)                    0.05       0.24 f
  hot_one_o[15] (out)                      0.00       0.24 f
  data arrival time                                   0.24
  -----------------------------------------------------------
  (Path is unconstrained)


  Startpoint: ch_sel_i[8]
              (input port)
  Endpoint: hot_one_o[15]
            (output port)
  Path Group: (none)
  Path Type: min

  Des/Clust/Port     Wire Load Model       Library
  ------------------------------------------------
  encoder            ZeroWireload          tcb018gbwp7ttc

  Point                                    Incr       Path
  -----------------------------------------------------------
  input external delay                     0.00       0.00 r
  ch_sel_i[8] (in)                         0.00       0.00 r
  U80/ZN (AOI31D0BWP7T)                    0.05       0.05 f
  U83/ZN (ND3D0BWP7T)                      0.14       0.19 r
  U101/ZN (NR2XD0BWP7T)                    0.05       0.25 f
  hot_one_o[15] (out)                      0.00       0.25 f
  data arrival time                                   0.25
  -----------------------------------------------------------
  (Path is unconstrained)


  Startpoint: ch_sel_i[14]
              (input port)
  Endpoint: valid_o (output port)
  Path Group: (none)
  Path Type: min

  Des/Clust/Port     Wire Load Model       Library
  ------------------------------------------------
  encoder            ZeroWireload          tcb018gbwp7ttc

  Point                                    Incr       Path
  -----------------------------------------------------------
  input external delay                     0.00       0.00 r
  ch_sel_i[14] (in)                        0.00       0.00 r
  U57/ZN (IND2D0BWP7T)                     0.09       0.09 r
  U67/Z (OA21D0BWP7T)                      0.16       0.25 r
  valid_o (out)                            0.00       0.25 r
  data arrival time                                   0.25
  -----------------------------------------------------------
  (Path is unconstrained)


  Startpoint: ch_sel_i[12]
              (input port)
  Endpoint: valid_o (output port)
  Path Group: (none)
  Path Type: min

  Des/Clust/Port     Wire Load Model       Library
  ------------------------------------------------
  encoder            ZeroWireload          tcb018gbwp7ttc

  Point                                    Incr       Path
  -----------------------------------------------------------
  input external delay                     0.00       0.00 r
  ch_sel_i[12] (in)                        0.00       0.00 r
  U66/ZN (NR3D0BWP7T)                      0.03       0.03 f
  U57/ZN (IND2D0BWP7T)                     0.07       0.09 r
  U67/Z (OA21D0BWP7T)                      0.16       0.25 r
  valid_o (out)                            0.00       0.25 r
  data arrival time                                   0.25
  -----------------------------------------------------------
  (Path is unconstrained)


1
